controllers/employeeAuthController.ts(77,36): error TS2339: Property 'position' does not exist on type '{ company: { subscriptionStatus: string; id: string; name: string; businessType: string | null; logo: string | null; email: string | null; phone: string | null; website: string | null; ... 12 more ...; updatedAt: Date; }; } & { ...; }'.
controllers/employeeAuthController.ts(78,38): error TS2339: Property 'department' does not exist on type '{ company: { subscriptionStatus: string; id: string; name: string; businessType: string | null; logo: string | null; email: string | null; phone: string | null; website: string | null; ... 12 more ...; updatedAt: Date; }; } & { ...; }'.
controllers/modules/employeeController.ts(19,79): error TS2353: Object literal may only specify known properties, and 'position' does not exist in type 'EmployeeSelect<DefaultArgs>'.
controllers/modules/employeeController.ts(222,17): error TS2353: Object literal may only specify known properties, and 'position' does not exist in type 'Without<EmployeeCreateInput, EmployeeUncheckedCreateInput> & EmployeeUncheckedCreateInput'.
controllers/modules/employeeController.ts(511,79): error TS2353: Object literal may only specify known properties, and 'position' does not exist in type 'EmployeeSelect<DefaultArgs>'.
